
  [32m[1mVITE[22m v6.4.3[39m  [2mready in [0m[1m184[22m[2m[0m ms[22m

  [32m➜[39m  [1mLocal[22m:   [36mhttp://localhost:[1m5199[22m/[39m
[2m  [32m➜[39m  [1mNetwork[22m[2m: use [22m[1m--host[22m[2m to expose[22m
[2m12:44:56 AM[22m [36m[1m[vite][22m[39m [90m[2m(client)[22m[39m [32mpage reload [39m[2msrc/engineClient.ts[22m
[2m12:46:47 AM[22m [36m[1m[vite][22m[39m [90m[2m(client)[22m[39m [32mpage reload [39m[2msrc/screens/play.ts[22m
[2m12:48:44 AM[22m [36m[1m[vite][22m[39m [90m[2m(client)[22m[39m [32mpage reload [39m[2msrc/screens/play.ts[22m
[2m12:50:51 AM[22m [36m[1m[vite][22m[39m [90m[2m(client)[22m[39m [32mpage reload [39m[2msrc/pieces.ts[22m
[2m12:50:51 AM[22m [36m[1m[vite][22m[39m [90m[2m(client)[22m[39m [32mpage reload [39m[2msrc/board.ts[22m
[2m12:51:04 AM[22m [36m[1m[vite][22m[39m [90m[2m(client)[22m[39m [32mhmr update [39m[2m/src/styles.css[22m
[33mThe file does not exist at "C:/Users/Zak/Documents/Freebuff test/Chess/node_modules/.vite/deps/chess_js.js" which is in the optimize deps directory. The dependency might be incompatible with the dep optimizer. Try adding it to `optimizeDeps.exclude`.[39m
Sourcemap for "C:/Users/Zak/Documents/Freebuff test/Chess/node_modules/chess.js/dist/esm/chess.js" points to missing source files
[2m1:01:58 AM[22m [36m[1m[vite][22m[39m [90m[2m(client)[22m[39m [32mpage reload [39m[2msrc/board.ts[22m
[2m1:17:06 AM[22m [36m[1m[vite][22m[39m [90m[2m(client)[22m[39m [32mpage reload [39m[2msrc/screens/play.ts[22m
[2m1:17:06 AM[22m [31m[1m[vite][22m[39m [31m[2m(client)[22m[39m Pre-transform error: Transform failed with 1 error:
C:/Users/Zak/Documents/Freebuff test/Chess/src/screens/play.ts:267:10: ERROR: Expected ";" but found ":"
  Plugin: [35mvite:esbuild[39m
  File: [36mC:/Users/Zak/Documents/Freebuff test/Chess/src/screens/play.ts[39m:267:10
[33m  
  [33mExpected ";" but found ":"[33m
  265|        .join(' ');
  266|        ts: Date.now(),
  267|        type: wasLadderMode ? 'assessment' : 'cpu',
     |            ^
  268|        color: playerColor,
  269|        result: r.result,
  [39m
[2m1:17:06 AM[22m [31m[1m[vite][22m[39m [31mInternal server error: Transform failed with 1 error:
C:/Users/Zak/Documents/Freebuff test/Chess/src/screens/play.ts:267:10: ERROR: Expected ";" but found ":"[39m
  Plugin: [35mvite:esbuild[39m
  File: [36mC:/Users/Zak/Documents/Freebuff test/Chess/src/screens/play.ts[39m:267:10
[33m  
  [33mExpected ";" but found ":"[33m
  265|        .join(' ');
  266|        ts: Date.now(),
  267|        type: wasLadderMode ? 'assessment' : 'cpu',
     |            ^
  268|        color: playerColor,
  269|        result: r.result,
  [39m
      at failureErrorWithLog (C:\Users\Zak\Documents\Freebuff test\Chess\node_modules\esbuild\lib\main.js:1467:15)
      at C:\Users\Zak\Documents\Freebuff test\Chess\node_modules\esbuild\lib\main.js:736:50
      at responseCallbacks.<computed> (C:\Users\Zak\Documents\Freebuff test\Chess\node_modules\esbuild\lib\main.js:603:9)
      at handleIncomingPacket (C:\Users\Zak\Documents\Freebuff test\Chess\node_modules\esbuild\lib\main.js:658:12)
      at Socket.readFromStdout (C:\Users\Zak\Documents\Freebuff test\Chess\node_modules\esbuild\lib\main.js:581:7)
      at Socket.emit (node:events:509:28)
      at addChunk (node:internal/streams/readable:563:12)
      at readableAddChunkPushByteMode (node:internal/streams/readable:514:3)
      at Readable.push (node:internal/streams/readable:394:5)
      at Pipe.onStreamRead (node:internal/stream_base_commons:189:23)
[2m1:17:32 AM[22m [36m[1m[vite][22m[39m [90m[2m(client)[22m[39m [32mpage reload [39m[2msrc/screens/play.ts[22m
[2m1:17:45 AM[22m [36m[1m[vite][22m[39m [90m[2m(client)[22m[39m [32mpage reload [39m[2msrc/screens/play.ts[22m
